/home/digsix/Projects/STM32CubeIDE/workspace/trabalho-final/Core/Src/main.c:121:5:obterIndiceDoBotaoPorPino	16	static
/home/digsix/Projects/STM32CubeIDE/workspace/trabalho-final/Core/Src/main.c:129:6:iniciarJogo	8	static
/home/digsix/Projects/STM32CubeIDE/workspace/trabalho-final/Core/Src/main.c:147:6:trocarEstado	8	static
/home/digsix/Projects/STM32CubeIDE/workspace/trabalho-final/Core/Src/main.c:166:6:ajustarLeds	16	static
/home/digsix/Projects/STM32CubeIDE/workspace/trabalho-final/Core/Src/main.c:177:6:game_over	16	static
/home/digsix/Projects/STM32CubeIDE/workspace/trabalho-final/Core/Src/main.c:190:6:adicionarPassoSequencia	8	static
/home/digsix/Projects/STM32CubeIDE/workspace/trabalho-final/Core/Src/main.c:198:6:processarBotao	24	static
/home/digsix/Projects/STM32CubeIDE/workspace/trabalho-final/Core/Src/main.c:324:6:processarJogo	16	static
/home/digsix/Projects/STM32CubeIDE/workspace/trabalho-final/Core/Src/main.c:408:6:HAL_GPIO_EXTI_Callback	24	static
/home/digsix/Projects/STM32CubeIDE/workspace/trabalho-final/Core/Src/main.c:417:6:HAL_SYSTICK_Callback	16	static
/home/digsix/Projects/STM32CubeIDE/workspace/trabalho-final/Core/Src/main.c:433:5:main	8	static
/home/digsix/Projects/STM32CubeIDE/workspace/trabalho-final/Core/Src/main.c:470:6:SystemClock_Config	72	static
/home/digsix/Projects/STM32CubeIDE/workspace/trabalho-final/Core/Src/main.c:503:13:MX_GPIO_Init	40	static
/home/digsix/Projects/STM32CubeIDE/workspace/trabalho-final/Core/Src/main.c:548:6:Error_Handler	4	static
